../BACDEL_Stack/Application_Layer/Properties/Src/propertyValidations.c:52:6:Validate_WeekNDay	24	static
../BACDEL_Stack/Application_Layer/Properties/Src/propertyValidations.c:88:19:Validate_SpecialEvent	48	static
../BACDEL_Stack/Application_Layer/Properties/Src/propertyValidations.c:325:18:Validate_PropertySupport	16	static
../BACDEL_Stack/Application_Layer/Properties/Src/propertyValidations.c:614:6:Validate_Date_Combinations	24	static
../BACDEL_Stack/Application_Layer/Properties/Src/propertyValidations.c:675:6:Is_Active_Date	16	static
../BACDEL_Stack/Application_Layer/Properties/Src/propertyValidations.c:707:6:Is_Active_DateRange	16	static
../BACDEL_Stack/Application_Layer/Properties/Src/propertyValidations.c:740:6:IsWeekInDay	24	static
../BACDEL_Stack/Application_Layer/Properties/Src/propertyValidations.c:905:6:Validate_Time_Combinations	24	static
../BACDEL_Stack/Application_Layer/Properties/Src/propertyValidations.c:953:6:Is_ActiveDate	16	static
../BACDEL_Stack/Application_Layer/Properties/Src/propertyValidations.c:980:6:Validate_Max_APDU_Length	24	static
../BACDEL_Stack/Application_Layer/Properties/Src/propertyValidations.c:1013:19:Validate_DailySchedule_Array	56	static
../BACDEL_Stack/Application_Layer/Properties/Src/propertyValidations.c:1209:19:Validate_DevObjPropRef	24	static
../BACDEL_Stack/Application_Layer/Properties/Src/propertyValidations.c:1254:19:Validate_EventParameters	32	static
../BACDEL_Stack/Application_Layer/Properties/Src/propertyValidations.c:1369:19:Validate_CalenderEntry_List	24	static
../BACDEL_Stack/Application_Layer/Properties/Src/propertyValidations.c:1496:19:Validate_Destination_List	24	static
../BACDEL_Stack/Application_Layer/Properties/Src/propertyValidations.c:1663:19:Validate_SpecialEvent_List	40	static
../BACDEL_Stack/Application_Layer/Properties/Src/propertyValidations.c:1749:19:Validate_DevObjPropRef_List	24	static
../BACDEL_Stack/Application_Layer/Properties/Src/propertyValidations.c:1813:19:Validate_NotifyPriority_Array	32	static
../BACDEL_Stack/Application_Layer/Properties/Src/propertyValidations.c:1868:19:Validate_TimeStamp	24	static
../BACDEL_Stack/Application_Layer/Properties/Src/propertyValidations.c:1942:6:Check_Service_Support	32	static
../BACDEL_Stack/Application_Layer/Properties/Src/propertyValidations.c:2034:6:Validate_Services_Supported	32	static
../BACDEL_Stack/Application_Layer/Properties/Src/propertyValidations.c:2124:6:Validate_ObjectTypes_Supported	32	static
../BACDEL_Stack/Application_Layer/Properties/Src/propertyValidations.c:2209:6:Validate_APDU_Length	16	static
../BACDEL_Stack/Application_Layer/Properties/Src/propertyValidations.c:2225:19:Validate_HostNPort	24	static
