../BACDEL_Stack/Application_Layer/Properties/Src/PropertyParsingAndInitialization.c:67:6:FromTime	24	static
../BACDEL_Stack/Application_Layer/Properties/Src/PropertyParsingAndInitialization.c:86:6:ToTime	24	static
../BACDEL_Stack/Application_Layer/Properties/Src/PropertyParsingAndInitialization.c:105:6:day	16	static
../BACDEL_Stack/Application_Layer/Properties/Src/PropertyParsingAndInitialization.c:138:8:event_transition	16	static
../BACDEL_Stack/Application_Layer/Properties/Src/PropertyParsingAndInitialization.c:166:8:getDays	16	static
../BACDEL_Stack/Application_Layer/Properties/Src/PropertyParsingAndInitialization.c:194:11:getTime	16	static
../BACDEL_Stack/Application_Layer/Properties/Src/PropertyParsingAndInitialization.c:220:10:GetObjectid	16	static
../BACDEL_Stack/Application_Layer/Properties/Src/PropertyParsingAndInitialization.c:233:6:getDateList	32	static
../BACDEL_Stack/Application_Layer/Properties/Src/PropertyParsingAndInitialization.c:319:11:FillDatestructure	24	static
../BACDEL_Stack/Application_Layer/Properties/Src/PropertyParsingAndInitialization.c:366:6:getEffectivePeriod	32	static
../BACDEL_Stack/Application_Layer/Properties/Src/PropertyParsingAndInitialization.c:423:6:GetLISTObjPropReff	24	static
../BACDEL_Stack/Application_Layer/Properties/Src/PropertyParsingAndInitialization.c:471:6:GetWeeklySchedParsing	24	static
../BACDEL_Stack/Application_Layer/Properties/Src/PropertyParsingAndInitialization.c:530:6:GetExcepSchedParsing	48	static
../BACDEL_Stack/Application_Layer/Properties/Src/PropertyParsingAndInitialization.c:627:6:GetDefaultValuePars	24	static
../BACDEL_Stack/Application_Layer/Properties/Src/PropertyParsingAndInitialization.c:717:10:getDeviceobjectPropReff	16	static
../BACDEL_Stack/Application_Layer/Properties/Src/PropertyParsingAndInitialization.c:754:11:GetTimeHMSH	32	static
../BACDEL_Stack/Application_Layer/Properties/Src/PropertyParsingAndInitialization.c:810:11:GetDateYMDW	32	static
../BACDEL_Stack/Application_Layer/Properties/Src/PropertyParsingAndInitialization.c:857:11:SetStatusFlag	24	static
../BACDEL_Stack/Application_Layer/Properties/Src/PropertyParsingAndInitialization.c:874:8:Parse_AF_Values	1032	static
../BACDEL_Stack/Application_Layer/Properties/Src/PropertyParsingAndInitialization.c:942:8:Parse_Enum_List_Values	24	static
