../BACDEL_Stack/Application_Layer/Properties/Src/propertyGenricHandler.c:236:29:Remap_Objct_Id	24	static
../BACDEL_Stack/Application_Layer/Properties/Src/propertyGenricHandler.c:365:20:Map_Objct_Type	24	static
../BACDEL_Stack/Application_Layer/Properties/Src/propertyGenricHandler.c:505:18:GetAsignPropAccess	32	static
../BACDEL_Stack/Application_Layer/Properties/Src/propertyGenricHandler.c:1415:6:IsProprietaryProp	24	static
../BACDEL_Stack/Application_Layer/Properties/Src/propertyGenricHandler.c:1443:18:GetDefndPropAccess	24	static
../BACDEL_Stack/Application_Layer/Properties/Src/propertyGenricHandler.c:1602:13:UpdateCharStringArrayProperty	88	static
../BACDEL_Stack/Application_Layer/Properties/Src/propertyGenricHandler.c:1941:13:UpdateAlarmValues	40	static
../BACDEL_Stack/Application_Layer/Properties/Src/propertyGenricHandler.c:2030:13:UpdateFaultValues	40	static
../BACDEL_Stack/Application_Layer/Properties/Src/propertyGenricHandler.c:2113:27:Init_Device_Prop	40	static
../BACDEL_Stack/Application_Layer/Properties/Src/propertyGenricHandler.c:2428:27:InitCommonProperty	72	static
../BACDEL_Stack/Application_Layer/Properties/Src/propertyGenricHandler.c:2483:20:Convert_InStr_AddProperty	1640	static
../BACDEL_Stack/Application_Layer/Properties/Src/propertyGenricHandler.c:3279:18:Convert_AppTagType_To_DataType	24	static
../BACDEL_Stack/Application_Layer/Properties/Src/propertyGenricHandler.c:3341:24:Convert_DataType_To_AppTagType	24	static
../BACDEL_Stack/Application_Layer/Properties/Src/propertyGenricHandler.c:3361:6:Register_Object_Property	40	static
../BACDEL_Stack/Application_Layer/Properties/Src/propertyGenricHandler.c:3420:20:Check_Object_Name	56	static
../BACDEL_Stack/Application_Layer/Properties/Src/propertyGenricHandler.c:3543:20:UpdateObjectValue	32	static
../BACDEL_Stack/Application_Layer/Properties/Src/propertyGenricHandler.c:3619:18:GetNonNullPriorityOffset	40	static
../BACDEL_Stack/Application_Layer/Properties/Src/propertyGenricHandler.c:3687:8:UpdateWriteDataOnPriority	56	static
../BACDEL_Stack/Application_Layer/Properties/Src/propertyGenricHandler.c:3803:7:GetCommandPriority	64	static
../BACDEL_Stack/Application_Layer/Properties/Src/propertyGenricHandler.c:3926:27:UpdatePresentValue	64	static
../BACDEL_Stack/Application_Layer/Properties/Src/propertyGenricHandler.c:4075:6:Update_EventEnableDetection_Dependent_Properties	248	static
../BACDEL_Stack/Application_Layer/Properties/Src/propertyGenricHandler.c:4170:6:UpdateEventStateProperty	128	static
../BACDEL_Stack/Application_Layer/Properties/Src/propertyGenricHandler.c:4267:6:IsOutofSerivceFlagTrue	24	static
../BACDEL_Stack/Application_Layer/Properties/Src/propertyGenricHandler.c:4325:20:UpdateCommonProperty	512	static
../BACDEL_Stack/Application_Layer/Properties/Src/propertyGenricHandler.c:6795:11:GetPresentValOffset	24	static
../BACDEL_Stack/Application_Layer/Properties/Src/propertyGenricHandler.c:6842:20:Store_Value_On_DataType	200	static
../BACDEL_Stack/Application_Layer/Properties/Src/propertyGenricHandler.c:7545:6:IsLoggingTriggered	32	static
../BACDEL_Stack/Application_Layer/Properties/Src/propertyGenricHandler.c:7584:6:IsLoggingObject	24	static
../BACDEL_Stack/Application_Layer/Properties/Src/propertyGenricHandler.c:7621:6:Reverse_BitString_DataType_Value	104	static
../BACDEL_Stack/Application_Layer/Properties/Src/propertyGenricHandler.c:8014:9:Get_PropertyList_SkipCount	24	static
../BACDEL_Stack/Application_Layer/Properties/Src/propertyGenricHandler.c:8098:6:Get_TimeDelay_value	40	static
../BACDEL_Stack/Application_Layer/Properties/Src/propertyGenricHandler.c:8173:18:GetAsignPropAccess_offset	40	static
