../BACDEL_Stack/Application_Layer/Properties/Src/propertyValueWrite.c:113:24:GetPropertyTag	32	static
../BACDEL_Stack/Application_Layer/Properties/Src/propertyValueWrite.c:171:18:GetPropertyDataType	32	static
../BACDEL_Stack/Application_Layer/Properties/Src/propertyValueWrite.c:237:19:CheckPropertyValRange	184	static
../BACDEL_Stack/Application_Layer/Properties/Src/propertyValueWrite.c:1500:6:Is_Property_Writable	32	static
../BACDEL_Stack/Application_Layer/Properties/Src/propertyValueWrite.c:1532:6:RemovePreviousElement	48	static
../BACDEL_Stack/Application_Layer/Properties/Src/propertyValueWrite.c:1668:19:ValidateNullTag	24	static
../BACDEL_Stack/Application_Layer/Properties/Src/propertyValueWrite.c:1736:6:ValidateEmptyTag	24	static
../BACDEL_Stack/Application_Layer/Properties/Src/propertyValueWrite.c:1792:20:Copy_COVRecipeint_Info	32	static
../BACDEL_Stack/Application_Layer/Properties/Src/propertyValueWrite.c:1890:20:Copy_PropVal_AsPer_DataType	952	static
../BACDEL_Stack/Application_Layer/Properties/Src/propertyValueWrite.c:5722:29:GetPropertyWpCallback	24	static
../BACDEL_Stack/Application_Layer/Properties/Src/propertyValueWrite.c:5769:29:SetPropertyWpCallback	24	static
../BACDEL_Stack/Application_Layer/Properties/Src/propertyValueWrite.c:5818:19:Convert_PropVal_AsPer_DataType	136	static
../BACDEL_Stack/Application_Layer/Properties/Src/propertyValueWrite.c:6653:6:Validate_ReadOnlyProperty	24	static
../BACDEL_Stack/Application_Layer/Properties/Src/propertyValueWrite.c:6822:6:Is_ReadOnly_Property_Writable	24	static
../BACDEL_Stack/Application_Layer/Properties/Src/propertyValueWrite.c:6905:19:Set_Property_Data	216	static
../BACDEL_Stack/Application_Layer/Properties/Src/propertyValueWrite.c:7190:19:Get_Array_DataType_Count	32	static
../BACDEL_Stack/Application_Layer/Properties/Src/propertyValueWrite.c:7283:19:Validate_DataType	32	static
../BACDEL_Stack/Application_Layer/Properties/Src/propertyValueWrite.c:7345:6:WP_B_Compare_PropVal_AsPer_DataType	152	static
../BACDEL_Stack/Application_Layer/Properties/Src/propertyValueWrite.c:7844:6:Set_Null_Value_AsPer_DataType	48	static
../BACDEL_Stack/Application_Layer/Properties/Src/propertyValueWrite.c:7963:13:WP_B_Convert_AppTag_WriteProperty	104	static
../BACDEL_Stack/Application_Layer/Properties/Src/propertyValueWrite.c:8148:20:WP_B_Request_Parser	176	static
