../BACDEL_Stack/Application_Layer/Properties/Src/propertyValueRead.c:108:7:Find_Object	48	static
../BACDEL_Stack/Application_Layer/Properties/Src/propertyValueRead.c:311:6:UpdateValuePropDataType	16	static
../BACDEL_Stack/Application_Layer/Properties/Src/propertyValueRead.c:364:13:ReadPresentValueProperty	32	static
../BACDEL_Stack/Application_Layer/Properties/Src/propertyValueRead.c:461:19:IsNoIndex	24	static
../BACDEL_Stack/Application_Layer/Properties/Src/propertyValueRead.c:506:19:ValidateAccessAndIndex	40	static
../BACDEL_Stack/Application_Layer/Properties/Src/propertyValueRead.c:559:19:ValidateArrayIndex	64	static
../BACDEL_Stack/Application_Layer/Properties/Src/propertyValueRead.c:815:19:ValidateAccessType	40	static
../BACDEL_Stack/Application_Layer/Properties/Src/propertyValueRead.c:874:19:Read_Common_Properties	80	static
../BACDEL_Stack/Application_Layer/Properties/Src/propertyValueRead.c:1489:6:IsPropertyReadable	24	static
../BACDEL_Stack/Application_Layer/Properties/Src/propertyValueRead.c:1509:17:GetPolarity	32	static
../BACDEL_Stack/Application_Layer/Properties/Src/propertyValueRead.c:1546:17:Update_PV_Polarity	24	static
../BACDEL_Stack/Application_Layer/Properties/Src/propertyValueRead.c:1594:6:Generate_RPB_Data	24	static
../BACDEL_Stack/Application_Layer/Properties/Src/propertyValueRead.c:1641:19:Read_All_Properties	96	static
../BACDEL_Stack/Application_Layer/Properties/Src/propertyValueRead.c:1705:19:ValidateListTypeProperty	24	static
../BACDEL_Stack/Application_Layer/Properties/Src/propertyValueRead.c:1824:20:RPM_Object_Property	40	static
../BACDEL_Stack/Application_Layer/Properties/Src/propertyValueRead.c:1895:10:RPM_Object_Property_Count	24	static
../BACDEL_Stack/Application_Layer/Properties/Src/propertyValueRead.c:1942:29:GetPropertyRpCallback	24	static
../BACDEL_Stack/Application_Layer/Properties/Src/propertyValueRead.c:1989:19:Copy_List_Type_properties	32	static
../BACDEL_Stack/Application_Layer/Properties/Src/propertyValueRead.c:2086:19:Update_Special_Property	80	static
../BACDEL_Stack/Application_Layer/Properties/Src/propertyValueRead.c:2236:6:Validate_ObjId_PropId_ArrayIndx	40	static
../BACDEL_Stack/Application_Layer/Properties/Src/propertyValueRead.c:2379:6:Read_All_Property_Value	64	static
