../BACDEL_Stack/Application_Layer/Properties/Src/propertyClearValues.c:54:6:Clear_Property_Value	24	static
../BACDEL_Stack/Application_Layer/Properties/Src/propertyClearValues.c:96:6:Clear_ContextProperty_Value	48	static
../BACDEL_Stack/Application_Layer/Properties/Src/propertyClearValues.c:203:6:Clear_Global_Device_Addr_Binding_List	16	static
../BACDEL_Stack/Application_Layer/Properties/Src/propertyClearValues.c:242:6:Clear_AddressBinding_List	24	static
../BACDEL_Stack/Application_Layer/Properties/Src/propertyClearValues.c:295:6:Clear_Boolean_List	24	static
../BACDEL_Stack/Application_Layer/Properties/Src/propertyClearValues.c:348:6:Clear_BitString_List	24	static
../BACDEL_Stack/Application_Layer/Properties/Src/propertyClearValues.c:401:6:Clear_UnsignedInt_List	24	static
../BACDEL_Stack/Application_Layer/Properties/Src/propertyClearValues.c:454:6:Clear_Enumeration_List	24	static
../BACDEL_Stack/Application_Layer/Properties/Src/propertyClearValues.c:507:6:Clear_CharString_List	24	static
../BACDEL_Stack/Application_Layer/Properties/Src/propertyClearValues.c:560:6:Clear_Recipient_List	24	static
../BACDEL_Stack/Application_Layer/Properties/Src/propertyClearValues.c:613:6:Clear_Destination_List	24	static
../BACDEL_Stack/Application_Layer/Properties/Src/propertyClearValues.c:666:6:Clear_ObjectID_List	24	static
../BACDEL_Stack/Application_Layer/Properties/Src/propertyClearValues.c:719:6:Clear_DevObjPropReff_List	24	static
../BACDEL_Stack/Application_Layer/Properties/Src/propertyClearValues.c:771:6:Clear_ActiveCovSubs_List	32	static
../BACDEL_Stack/Application_Layer/Properties/Src/propertyClearValues.c:858:6:Clear_ExtendedParameters_List	24	static
../BACDEL_Stack/Application_Layer/Properties/Src/propertyClearValues.c:911:6:Clear_PropertyStates_List	24	static
../BACDEL_Stack/Application_Layer/Properties/Src/propertyClearValues.c:963:6:Clear_VtClass_List	24	static
../BACDEL_Stack/Application_Layer/Properties/Src/propertyClearValues.c:1016:6:Clear_VtSessions_List	24	static
../BACDEL_Stack/Application_Layer/Properties/Src/propertyClearValues.c:1068:6:Clear_ActionCmd_List	24	static
../BACDEL_Stack/Application_Layer/Properties/Src/propertyClearValues.c:1125:6:Clear_Action_List	24	static
../BACDEL_Stack/Application_Layer/Properties/Src/propertyClearValues.c:1179:6:Clear_GpResults_List	24	static
../BACDEL_Stack/Application_Layer/Properties/Src/propertyClearValues.c:1232:6:Clear_ReadAccessResult_List	24	static
../BACDEL_Stack/Application_Layer/Properties/Src/propertyClearValues.c:1287:6:Clear_GpSpecs_List	24	static
../BACDEL_Stack/Application_Layer/Properties/Src/propertyClearValues.c:1340:6:Clear_ReadAccessSpecs_List	24	static
../BACDEL_Stack/Application_Layer/Properties/Src/propertyClearValues.c:1395:6:Clear_DevObjRef_List	24	static
../BACDEL_Stack/Application_Layer/Properties/Src/propertyClearValues.c:1448:6:Clear_TrendLogRecord_List	24	static
../BACDEL_Stack/Application_Layer/Properties/Src/propertyClearValues.c:1501:6:Clear_EventLogRecord_List	24	static
../BACDEL_Stack/Application_Layer/Properties/Src/propertyClearValues.c:1554:6:Clear_TrendLogMultipleRecord_List	24	static
../BACDEL_Stack/Application_Layer/Properties/Src/propertyClearValues.c:1609:6:Clear_AuFactorFormat_List	24	static
../BACDEL_Stack/Application_Layer/Properties/Src/propertyClearValues.c:1662:6:Clear_OptionalCharString_List	24	static
../BACDEL_Stack/Application_Layer/Properties/Src/propertyClearValues.c:1716:6:Clear_Policy_List	24	static
../BACDEL_Stack/Application_Layer/Properties/Src/propertyClearValues.c:1765:6:Clear_AuPolicy_List	24	static
../BACDEL_Stack/Application_Layer/Properties/Src/propertyClearValues.c:1821:6:Clear_AccessRule_List	24	static
../BACDEL_Stack/Application_Layer/Properties/Src/propertyClearValues.c:1875:6:Clear_CredentialAuFactor_List	24	static
../BACDEL_Stack/Application_Layer/Properties/Src/propertyClearValues.c:1929:6:Clear_AssignedAccessRights_List	24	static
../BACDEL_Stack/Application_Layer/Properties/Src/propertyClearValues.c:1982:6:Clear_LogDataTLM_List	24	static
../BACDEL_Stack/Application_Layer/Properties/Src/propertyClearValues.c:2036:6:Clear_PropAccessResult_List	24	static
../BACDEL_Stack/Application_Layer/Properties/Src/propertyClearValues.c:2089:6:Clear_NwSecurityPolicy_List	24	static
../BACDEL_Stack/Application_Layer/Properties/Src/propertyClearValues.c:2142:6:Clear_KeyId_List	24	static
../BACDEL_Stack/Application_Layer/Properties/Src/propertyClearValues.c:2195:6:Clear_SecurityKeySet_List	24	static
../BACDEL_Stack/Application_Layer/Properties/Src/propertyClearValues.c:2234:6:Clear_PropVal_AsPer_DataType	168	static
../BACDEL_Stack/Application_Layer/Properties/Src/propertyClearValues.c:2632:6:Clear_Prop_Val	24	static
../BACDEL_Stack/Application_Layer/Properties/Src/propertyClearValues.c:2682:6:Clear_Duplicate_Prop_Values	16	static
../BACDEL_Stack/Application_Layer/Properties/Src/propertyClearValues.c:2756:6:Clear_Internal_ListType_Properties	16	static
../BACDEL_Stack/Application_Layer/Properties/Src/propertyClearValues.c:2849:6:Clear_Notification_Parameter	16	static
../BACDEL_Stack/Application_Layer/Properties/Src/propertyClearValues.c:2919:6:Clear_TimeValues_List	24	static
../BACDEL_Stack/Application_Layer/Properties/Src/propertyClearValues.c:2968:6:Clear_ExceptionShdl_List	24	static
../BACDEL_Stack/Application_Layer/Properties/Src/propertyClearValues.c:3024:6:Clear_WeeklyShdl_List	24	static
../BACDEL_Stack/Application_Layer/Properties/Src/propertyClearValues.c:3065:6:Clear_CalendarEntry_List	24	static
../BACDEL_Stack/Application_Layer/Properties/Src/propertyClearValues.c:3116:6:Clear_BdtEntry_List	24	static
../BACDEL_Stack/Application_Layer/Properties/Src/propertyClearValues.c:3166:6:Clear_FdtEntry_List	24	static
../BACDEL_Stack/Application_Layer/Properties/Src/propertyClearValues.c:3215:6:Clear_OctetString_List	24	static
