../BACDEL_Stack/Application_Layer/Stack_Mgmt/Src/bacnetInitiateServiceCommon.c:121:13:Save_Request	24	static
../BACDEL_Stack/Application_Layer/Stack_Mgmt/Src/bacnetInitiateServiceCommon.c:205:20:Fill_Aside_Error_Response	40	static
../BACDEL_Stack/Application_Layer/Stack_Mgmt/Src/bacnetInitiateServiceCommon.c:307:6:Initiate_Thread_Task	40	static
../BACDEL_Stack/Application_Layer/Stack_Mgmt/Src/bacnetInitiateServiceCommon.c:506:20:Initiate_Service_Interface	24	static
../BACDEL_Stack/Application_Layer/Stack_Mgmt/Src/bacnetInitiateServiceCommon.c:658:16:Initiate_Service_Retry_Timer	48	static
../BACDEL_Stack/Application_Layer/Stack_Mgmt/Src/bacnetInitiateServiceCommon.c:906:6:SegmentationQTimer_Timer	40	static
../BACDEL_Stack/Application_Layer/Stack_Mgmt/Src/bacnetInitiateServiceCommon.c:1112:20:Delete_Initiate_Thread	8	static
../BACDEL_Stack/Application_Layer/Stack_Mgmt/Src/bacnetInitiateServiceCommon.c:1305:6:Free_Invoke_ID	16	static
../BACDEL_Stack/Application_Layer/Stack_Mgmt/Src/bacnetInitiateServiceCommon.c:1341:6:Generate_Invoke_ID	24	static
../BACDEL_Stack/Application_Layer/Stack_Mgmt/Src/bacnetInitiateServiceCommon.c:1461:10:Generate_Token_ID	16	static
../BACDEL_Stack/Application_Layer/Stack_Mgmt/Src/bacnetInitiateServiceCommon.c:1522:6:Data_Exchange_A_Side	24	static
../BACDEL_Stack/Application_Layer/Stack_Mgmt/Src/bacnetInitiateServiceCommon.c:1595:17:Traverse_InitiateInfo_Queue	32	static
../BACDEL_Stack/Application_Layer/Stack_Mgmt/Src/bacnetInitiateServiceCommon.c:1744:6:Acknowledgement_Thread_Task	40	static
