../BACDEL_Stack/Application_Layer/Stack_Mgmt/Src/bacnetInitiateServiceMgmt.c:114:6:Convert_DT_Error_To_Error_Code	24	static
../BACDEL_Stack/Application_Layer/Stack_Mgmt/Src/bacnetInitiateServiceMgmt.c:177:6:Free_Argument_Memory	24	static
../BACDEL_Stack/Application_Layer/Stack_Mgmt/Src/bacnetInitiateServiceMgmt.c:235:6:Clear_InitiateQ_State	16	static
../BACDEL_Stack/Application_Layer/Stack_Mgmt/Src/bacnetInitiateServiceMgmt.c:260:6:Clear_InitiateQ_Data	40	static
../BACDEL_Stack/Application_Layer/Stack_Mgmt/Src/bacnetInitiateServiceMgmt.c:541:6:Clear_Initiated_Request	32	static
../BACDEL_Stack/Application_Layer/Stack_Mgmt/Src/bacnetInitiateServiceMgmt.c:634:6:Fill_BacnetIP_Arguments	40	static
../BACDEL_Stack/Application_Layer/Stack_Mgmt/Src/bacnetInitiateServiceMgmt.c:1286:6:Clear_InitiateQ	40	static
../BACDEL_Stack/Application_Layer/Stack_Mgmt/Src/bacnetInitiateServiceMgmt.c:1474:7:ClearInitiateQTimer	8	static
../BACDEL_Stack/Application_Layer/Stack_Mgmt/Src/bacnetInitiateServiceMgmt.c:1507:20:Validate_Received_Request	24	static
../BACDEL_Stack/Application_Layer/Stack_Mgmt/Src/bacnetInitiateServiceMgmt.c:1957:6:Copy_DDB_A_Data	32	static
../BACDEL_Stack/Application_Layer/Stack_Mgmt/Src/bacnetInitiateServiceMgmt.c:2091:6:Fill_Initiator_Response	24	static
../BACDEL_Stack/Application_Layer/Stack_Mgmt/Src/bacnetInitiateServiceMgmt.c:2139:20:Fill_Destination_Parameter	24	static
../BACDEL_Stack/Application_Layer/Stack_Mgmt/Src/bacnetInitiateServiceMgmt.c:2223:20:Copy_Destination_Parameter	32	static
../BACDEL_Stack/Application_Layer/Stack_Mgmt/Src/bacnetInitiateServiceMgmt.c:2330:6:Decode_A_Side_Data	32	static
