../BACDEL_Stack/Application_Layer/Services/Scheduling/B_Side/Src/serviceScheduling_B.c:70:6:Get_PresentValue_ForSchedule	400	static
../BACDEL_Stack/Application_Layer/Services/Scheduling/B_Side/Src/serviceScheduling_B.c:258:6:SetSDLPresentValWeekly	144	static
../BACDEL_Stack/Application_Layer/Services/Scheduling/B_Side/Src/serviceScheduling_B.c:451:6:SetSDLPresentValExcp	152	static
../BACDEL_Stack/Application_Layer/Services/Scheduling/B_Side/Src/serviceScheduling_B.c:626:23:Get_Excpt_Event_InEffect	64	static
../BACDEL_Stack/Application_Layer/Services/Scheduling/B_Side/Src/serviceScheduling_B.c:756:6:Clear_ActiveExcepTimeValues_List	24	static
../BACDEL_Stack/Application_Layer/Services/Scheduling/B_Side/Src/serviceScheduling_B.c:797:23:FillActiveExcepTimeVal	32	static
../BACDEL_Stack/Application_Layer/Services/Scheduling/B_Side/Src/serviceScheduling_B.c:888:14:GetNextTriggerTimeExcp	24	static
../BACDEL_Stack/Application_Layer/Services/Scheduling/B_Side/Src/serviceScheduling_B.c:924:14:GetNextTriggerTimeWeekly	24	static
../BACDEL_Stack/Application_Layer/Services/Scheduling/B_Side/Src/serviceScheduling_B.c:956:6:Fill_WpA_Property_Value	56	static
../BACDEL_Stack/Application_Layer/Services/Scheduling/B_Side/Src/serviceScheduling_B.c:1122:20:SchedulingInternal	120	static
../BACDEL_Stack/Application_Layer/Services/Scheduling/B_Side/Src/serviceScheduling_B.c:1188:6:SchedulingExternal	40	static
../BACDEL_Stack/Application_Layer/Services/Scheduling/B_Side/Src/serviceScheduling_B.c:1297:6:IS_ConfigurationError	48	static
../BACDEL_Stack/Application_Layer/Services/Scheduling/B_Side/Src/serviceScheduling_B.c:1485:16:SCHEDULE_TIMER	128	static
../BACDEL_Stack/Application_Layer/Services/Scheduling/B_Side/Src/serviceScheduling_B.c:1634:6:Trigger_Schedule_Object	80	static
../BACDEL_Stack/Application_Layer/Services/Scheduling/B_Side/Src/serviceScheduling_B.c:1701:6:Trigger_Calendar_Object	72	static
