../BACDEL_Stack/Application_Layer/Objects/Device/Src/objDevice.c:356:13:Device_Property_Lists	24	static
../BACDEL_Stack/Application_Layer/Objects/Device/Src/objDevice.c:399:13:Find_Objects_PropertyList	16	static
../BACDEL_Stack/Application_Layer/Objects/Device/Src/objDevice.c:595:17:property_list_count	24	static
../BACDEL_Stack/Application_Layer/Objects/Device/Src/objDevice.c:634:6:Device_Objects_Property_List	16	static
../BACDEL_Stack/Application_Layer/Objects/Device/Src/objDevice.c:687:6:DvNotificationThread_Task	24	static
../BACDEL_Stack/Application_Layer/Objects/Device/Src/objDevice.c:746:6:DvManagementTimer	80	static
../BACDEL_Stack/Application_Layer/Objects/Device/Src/objDevice.c:781:6:DvManagementThread_Task	80	static
../BACDEL_Stack/Application_Layer/Objects/Device/Src/objDevice.c:839:6:DvProcessThread_Task	40	static
../BACDEL_Stack/Application_Layer/Objects/Device/Src/objDevice.c:914:13:Init_Device_Services	16	static
../BACDEL_Stack/Application_Layer/Objects/Device/Src/objDevice.c:1006:13:Init_Device_Object_Type	16	static
../BACDEL_Stack/Application_Layer/Objects/Device/Src/objDevice.c:1105:6:Init_Device_Properties	64	static
../BACDEL_Stack/Application_Layer/Objects/Device/Src/objDevice.c:1410:19:Dv_Read_Prop	48	static
../BACDEL_Stack/Application_Layer/Objects/Device/Src/objDevice.c:1778:6:Dv_Write_Prop	120	static
../BACDEL_Stack/Application_Layer/Objects/Device/Src/objDevice.c:2204:20:Clear_Device_Address_Binding	40	static
../BACDEL_Stack/Application_Layer/Objects/Device/Src/objDevice.c:2288:6:Update_Device_Address_Binding	24	static
../BACDEL_Stack/Application_Layer/Objects/Device/Src/objDevice.c:2379:6:Update_Database_Revision_Value	72	static
../BACDEL_Stack/Application_Layer/Objects/Device/Src/objDevice.c:2432:6:Initiate_Services	40	static
../BACDEL_Stack/Application_Layer/Objects/Device/Src/objDevice.c:2496:19:CbNotifyQue_AddNode	32	static
../BACDEL_Stack/Application_Layer/Objects/Device/Src/objDevice.c:2634:6:Execute_Service_Request_Parser	40	static
../BACDEL_Stack/Application_Layer/Objects/Device/Src/objDevice.c:2967:6:Dv_Send_Response	24	static
../BACDEL_Stack/Application_Layer/Objects/Device/Src/objDevice.c:3068:22:DB_Find_Dev_Using_Addr	24	static
../BACDEL_Stack/Application_Layer/Objects/Device/Src/objDevice.c:3132:22:Find_Dev_Using_Address	24	static
