../Drivers/CMSIS/Include/core_cm33.h:2711:34:__NVIC_SystemReset	4	static,ignoring_inline_asm
../BACDEL_Stack/Api/Src/apiExportedApi.c:239:2:BACDEL_Add_Device	40	static
../BACDEL_Stack/Api/Src/apiExportedApi.c:404:21:BACDEL_Init_Device_Properties	24	static
../BACDEL_Stack/Api/Src/apiExportedApi.c:512:21:BACDEL_Change_Device_Id	104	static
../BACDEL_Stack/Api/Src/apiExportedApi.c:645:2:BACDEL_Add_Object	40	static
../BACDEL_Stack/Api/Src/apiExportedApi.c:755:2:BACDEL_Delete_Object	40	static
../BACDEL_Stack/Api/Src/apiExportedApi.c:846:21:BACDEL_Add_Property	88	static
../BACDEL_Stack/Api/Src/apiExportedApi.c:1058:20:BACDEL_Set_Object_Property	56	static
../BACDEL_Stack/Api/Src/apiExportedApi.c:1122:20:Set_Baud_Rate	16	static
../BACDEL_Stack/Api/Src/apiExportedApi.c:1165:12:Get_BaudRate	16	static
../BACDEL_Stack/Api/Src/apiExportedApi.c:1188:22:SetMyMACAddress	16	static
../BACDEL_Stack/Api/Src/apiExportedApi.c:1224:13:GetMyMACAddress	16	static
../BACDEL_Stack/Api/Src/apiExportedApi.c:1252:20:BACDEL_Set_Object_Property_Multiple	80	static
../BACDEL_Stack/Api/Src/apiExportedApi.c:1359:21:BACDEL_Enable_Network_Communication	16	static
../BACDEL_Stack/Api/Src/apiExportedApi.c:1395:21:BACDEL_Disable_Network_Communication	16	static
../BACDEL_Stack/Api/Src/apiExportedApi.c:1437:7:BACDEL_App_CallBack_Register	16	static
../BACDEL_Stack/Api/Src/apiExportedApi.c:1477:22:BACDEL_Generate_Aside_Request	96	static
../BACDEL_Stack/Api/Src/apiExportedApi.c:2636:2:BACDEL_Set_Default_Parameters	24	static
../BACDEL_Stack/Api/Src/apiExportedApi.c:2767:7:BACDEL_Get_Memory_Usage	16	static
../BACDEL_Stack/Api/Src/apiExportedApi.c:2811:20:BACDEL_Get_Object_Property_String	1288	static
../BACDEL_Stack/Api/Src/apiExportedApi.c:3023:20:BACDEL_Get_Object_Property	72	static
../BACDEL_Stack/Api/Src/apiExportedApi.c:3209:7:BACDEL_Free_Object_Property	16	static
../BACDEL_Stack/Api/Src/apiExportedApi.c:3243:2:BACDEL_Get_Router_Address_From_Network_No	24	static
../BACDEL_Stack/Api/Src/apiExportedApi.c:3332:2:BACDEL_Get_Dynamic_Device_Address_Binding	32	static
../BACDEL_Stack/Api/Src/apiExportedApi.c:3434:2:BACDEL_Free_Dynamic_Device_Address_Binding	16	static
../BACDEL_Stack/Api/Src/apiExportedApi.c:3467:2:BACDEL_Get_Device_ID_Or_Address	32	static
../BACDEL_Stack/Api/Src/apiExportedApi.c:3567:7:BACDEL_ReInitDevice	24	static
../BACDEL_Stack/Api/Src/apiExportedApi.c:3617:2:BACDEL_Set_Get_Device_Local_DateTime	32	static
../BACDEL_Stack/Api/Src/apiExportedApi.c:3705:10:BACDEL_Get_Sizeof_Object	24	static
../BACDEL_Stack/Api/Src/apiExportedApi.c:3743:2:BACDEL_Set_Get_Property_AccessType	48	static
../BACDEL_Stack/Api/Src/apiExportedApi.c:3827:7:BACDEL_Set_Device_Password	24	static
../BACDEL_Stack/Api/Src/apiExportedApi.c:3910:7:BACDEL_Check_Object_Support	32	static
../BACDEL_Stack/Api/Src/apiExportedApi.c:4002:21:BACDEL_Set_Segmentation_WindowSize	24	static
../BACDEL_Stack/Api/Src/apiExportedApi.c:4071:7:BACDEL_App_RTC_CallBack_Register	16	static
../BACDEL_Stack/Api/Src/apiExportedApi.c:4102:21:BACDEL_Select_DataLink_Layer	16	static
../BACDEL_Stack/Api/Src/apiExportedApi.c:4159:6:BACDEL_Write_Flash_Config_Data	24	static
../BACDEL_Stack/Api/Src/apiExportedApi.c:4182:10:BACDEL_Read_Flash_Config_Data	32	static
