../BACDEL_App/src/Tsk_Bacnet.c:81:24:GetpBACnetfg	4	static
../BACDEL_App/src/Tsk_Bacnet.c:92:20:AutoResponse_RP	32	static
../BACDEL_App/src/Tsk_Bacnet.c:128:20:AutoResponse_WP	32	static
../BACDEL_App/src/Tsk_Bacnet.c:162:20:AutoResponse_RPM	32	static
../BACDEL_App/src/Tsk_Bacnet.c:199:20:AutoResponse_RD	32	static
../BACDEL_App/src/Tsk_Bacnet.c:237:20:AutoResponse_DCC	32	static
../BACDEL_App/src/Tsk_Bacnet.c:275:6:RTC_Read_Callback	16	static
../BACDEL_App/src/Tsk_Bacnet.c:290:20:init_sld_bacnet_objects	56	static
../BACDEL_App/src/Tsk_Bacnet.c:327:6:app_bacnet_init	16	static
../BACDEL_App/src/Tsk_Bacnet.c:357:6:DvManagementThread	16	static
../BACDEL_App/src/Tsk_Bacnet.c:369:6:Bacnet_Initiate_Thread	16	static
../BACDEL_App/src/Tsk_Bacnet.c:382:6:ClearInitiateQTimer_Timer	16	static
../BACDEL_App/src/Tsk_Bacnet.c:390:6:MSTP_Counters_Timer	16	static
../BACDEL_App/src/Tsk_Bacnet.c:401:6:MSTP_StateMachine_Timer	16	static
../BACDEL_App/src/Tsk_Bacnet.c:412:6:EnableIntUartTim	8	static
../BACDEL_App/src/Tsk_Bacnet.c:428:6:UartRxEnable	8	static
../BACDEL_App/src/Tsk_Bacnet.c:435:6:UartTxEnable	8	static
../BACDEL_App/src/Tsk_Bacnet.c:447:9:SendPacketBacnet	24	static
../BACDEL_App/src/Tsk_Bacnet.c:473:6:BACRS485_Interrupt_Rx	8	static
../BACDEL_App/src/Tsk_Bacnet.c:495:6:UartConfig	8	static
../BACDEL_App/src/Tsk_Bacnet.c:503:6:MSTP_Recieve_Thread	16	static
../BACDEL_App/src/Tsk_Bacnet.c:514:6:Test_API	4	static
