../BACDEL_Stack/Application_Layer/Services/RPM/B_Side/Src/serviceReadPropertyMultiple_B.c:72:20:RPM_B_Decode_Handler	96	static
../BACDEL_Stack/Application_Layer/Services/RPM/B_Side/Src/serviceReadPropertyMultiple_B.c:391:9:RPM_B_Ack_Encoder	2088	static
../BACDEL_Stack/Application_Layer/Services/RPM/B_Side/Src/serviceReadPropertyMultiple_B.c:627:9:RPM_Ack_Encode_Apdu_Object_Property	32	static
../BACDEL_Stack/Application_Layer/Services/RPM/B_Side/Src/serviceReadPropertyMultiple_B.c:672:9:RPM_Ack_Encode_Apdu_Object_Property_value	72	static
../BACDEL_Stack/Application_Layer/Services/RPM/B_Side/Src/serviceReadPropertyMultiple_B.c:761:9:RPM_Ack_Encode_Apdu_Object_Property_error	24	static
../BACDEL_Stack/Application_Layer/Services/RPM/B_Side/Src/serviceReadPropertyMultiple_B.c:803:9:RPM_Ack_Encode_Apdu_Object_End	24	static
../BACDEL_Stack/Application_Layer/Services/RPM/B_Side/Src/serviceReadPropertyMultiple_B.c:836:6:RPM_B_Free_Service_Data	16	static
../BACDEL_Stack/Application_Layer/Services/RPM/B_Side/Src/serviceReadPropertyMultiple_B.c:883:6:RPM_B_Request_Parser	120	static
