../Core/Src/stm32h5xx_it.c:74:6:NMI_Handler	4	static
../Core/Src/stm32h5xx_it.c:89:6:HardFault_Handler	4	static
../Core/Src/stm32h5xx_it.c:104:6:MemManage_Handler	4	static
../Core/Src/stm32h5xx_it.c:119:6:BusFault_Handler	4	static
../Core/Src/stm32h5xx_it.c:134:6:UsageFault_Handler	4	static
../Core/Src/stm32h5xx_it.c:149:6:DebugMon_Handler	4	static
../Core/Src/stm32h5xx_it.c:169:6:TIM2_IRQHandler	8	static
../Core/Src/stm32h5xx_it.c:206:6:USART2_IRQHandler	16	static
../Core/Src/stm32h5xx_it.c:267:6:TIM17_IRQHandler	8	static
../Core/Src/stm32h5xx_it.c:281:6:USART6_IRQHandler	8	static
