../BACDEL_Stack/Application_Layer/Services/Common/Src/serviceCommomChangeOfValue_B.c:71:7:Create_Message_Queue_Struct	40	static
../BACDEL_Stack/Application_Layer/Services/Common/Src/serviceCommomChangeOfValue_B.c:136:20:Send_COV_Notification	640	static
../BACDEL_Stack/Application_Layer/Services/Common/Src/serviceCommomChangeOfValue_B.c:1248:7:Get_Notification_Parameter	224	static
../BACDEL_Stack/Application_Layer/Services/Common/Src/serviceCommomChangeOfValue_B.c:2315:9:COVB_Notify_Encoder	88	static
../BACDEL_Stack/Application_Layer/Services/Common/Src/serviceCommomChangeOfValue_B.c:2437:6:DvCOV_B_Cancellation_Thread_Task	56	static
../BACDEL_Stack/Application_Layer/Services/Common/Src/serviceCommomChangeOfValue_B.c:2687:6:Delete_COV_Subscription	24	static
../BACDEL_Stack/Application_Layer/Services/Common/Src/serviceCommomChangeOfValue_B.c:2724:6:COV_Object_Support	32	static
../BACDEL_Stack/Application_Layer/Services/Common/Src/serviceCommomChangeOfValue_B.c:2771:7:Get_Object_Instance_Pointer	48	static
../BACDEL_Stack/Application_Layer/Services/Common/Src/serviceCommomChangeOfValue_B.c:2851:7:Extract_Object_Address	32	static
../BACDEL_Stack/Application_Layer/Services/Common/Src/serviceCommomChangeOfValue_B.c:2935:7:Validate_And_Get_Property_COV_Addr	16	static
../BACDEL_Stack/Application_Layer/Services/Common/Src/serviceCommomChangeOfValue_B.c:2994:7:Get_ActiveCOV_Value_Pointer	32	static
../BACDEL_Stack/Application_Layer/Services/Common/Src/serviceCommomChangeOfValue_B.c:3087:7:Extract_COV_Subscription_Index	48	static
../BACDEL_Stack/Application_Layer/Services/Common/Src/serviceCommomChangeOfValue_B.c:3254:7:Traverse_COV_Recipient_List	32	static
../BACDEL_Stack/Application_Layer/Services/Common/Src/serviceCommomChangeOfValue_B.c:3344:6:Read_Property_Value	72	static
../BACDEL_Stack/Application_Layer/Services/Common/Src/serviceCommomChangeOfValue_B.c:3405:6:Cancel_COV_Subscription	48	static
../BACDEL_Stack/Application_Layer/Services/Common/Src/serviceCommomChangeOfValue_B.c:3440:6:Extract_COV_Cancellation_Index	40	static
../BACDEL_Stack/Application_Layer/Services/Common/Src/serviceCommomChangeOfValue_B.c:3554:6:Extract_Recipient_Elem	24	static
../BACDEL_Stack/Application_Layer/Services/Common/Src/serviceCommomChangeOfValue_B.c:3603:7:Get_COVIncrementValue	56	static
../BACDEL_Stack/Application_Layer/Services/Common/Src/serviceCommomChangeOfValue_B.c:3629:6:Decode_Optional_Property	32	static
../BACDEL_Stack/Application_Layer/Services/Common/Src/serviceCommomChangeOfValue_B.c:3677:7:GetListStoredValue	32	static
../BACDEL_Stack/Application_Layer/Services/Common/Src/serviceCommomChangeOfValue_B.c:3749:6:Update_CovIncrement_In_Subscription	48	static
../BACDEL_Stack/Application_Layer/Services/Common/Src/serviceCommomChangeOfValue_B.c:3842:17:Get_CovSubs_Type	40	static
