../BACDEL_Stack/Application_Layer/APDU/Apdu_Handler/Src/bacnetAPDUHandler.c:167:6:APDU_Set_Confirmed_Handler	16	static
../BACDEL_Stack/Application_Layer/APDU/Apdu_Handler/Src/bacnetAPDUHandler.c:200:6:APDU_Set_Unrecognized_Service_Handler	16	static
../BACDEL_Stack/Application_Layer/APDU/Apdu_Handler/Src/bacnetAPDUHandler.c:230:6:APDU_Set_Unconfirmed_Handler	16	static
../BACDEL_Stack/Application_Layer/APDU/Apdu_Handler/Src/bacnetAPDUHandler.c:265:6:APDU_Set_Confirmed_Simple_Ack_Handler	16	static
../BACDEL_Stack/Application_Layer/APDU/Apdu_Handler/Src/bacnetAPDUHandler.c:329:6:APDU_Set_Confirmed_Ack_Handler	16	static
../BACDEL_Stack/Application_Layer/APDU/Apdu_Handler/Src/bacnetAPDUHandler.c:391:6:APDU_Set_Error_Handler	16	static
../BACDEL_Stack/Application_Layer/APDU/Apdu_Handler/Src/bacnetAPDUHandler.c:424:6:APDU_Set_Abort_Handler	16	static
../BACDEL_Stack/Application_Layer/APDU/Apdu_Handler/Src/bacnetAPDUHandler.c:452:6:APDU_Set_Reject_Handler	16	static
../BACDEL_Stack/Application_Layer/APDU/Apdu_Handler/Src/bacnetAPDUHandler.c:485:10:APDU_Decode_Confirmed_Service_Request	32	static
../BACDEL_Stack/Application_Layer/APDU/Apdu_Handler/Src/bacnetAPDUHandler.c:563:6:APDU_Check_If_Duplicate_Request	32	static
../BACDEL_Stack/Application_Layer/APDU/Apdu_Handler/Src/bacnetAPDUHandler.c:699:20:APDU_Decode_Handler	72	static
../BACDEL_Stack/Application_Layer/APDU/Apdu_Handler/Src/bacnetAPDUHandler.c:1668:20:APDU_Encode_Handler	56	static
