../BACDEL_Stack/Application_Layer/APDU/Encode_Decode/Src/pduDataEncodeDecode.c:94:9:BACApp_Encode_Application_Data	24	static
../BACDEL_Stack/Application_Layer/APDU/Encode_Decode/Src/pduDataEncodeDecode.c:224:9:BACApp_Decode_Data	40	static
../BACDEL_Stack/Application_Layer/APDU/Encode_Decode/Src/pduDataEncodeDecode.c:349:6:BACApp_Decode_Check_Property	24	static
../BACDEL_Stack/Application_Layer/APDU/Encode_Decode/Src/pduDataEncodeDecode.c:394:9:BACApp_Decode_Application_Data	336	static
../BACDEL_Stack/Application_Layer/APDU/Encode_Decode/Src/pduDataEncodeDecode.c:676:9:BACApp_Decode_Data_Len	32	static
../BACDEL_Stack/Application_Layer/APDU/Encode_Decode/Src/pduDataEncodeDecode.c:720:9:BACApp_Decode_Application_Data_Len	40	static
../BACDEL_Stack/Application_Layer/APDU/Encode_Decode/Src/pduDataEncodeDecode.c:758:9:BACApp_Encode_Context_Data_Value	32	static
../BACDEL_Stack/Application_Layer/APDU/Encode_Decode/Src/pduDataEncodeDecode.c:877:31:BACApp_Prop_Decode_LogBuffer_Tags	24	static
../BACDEL_Stack/Application_Layer/APDU/Encode_Decode/Src/pduDataEncodeDecode.c:898:5:BACApp_Prop_Decode_EventParameters_Tags	24	static
../BACDEL_Stack/Application_Layer/APDU/Encode_Decode/Src/pduDataEncodeDecode.c:1181:31:BACApp_Prop_Decode_PV_Tags	24	static
../BACDEL_Stack/Application_Layer/APDU/Encode_Decode/Src/pduDataEncodeDecode.c:1270:24:BACApp_Prop_Context_Tag	32	static
../BACDEL_Stack/Application_Layer/APDU/Encode_Decode/Src/pduDataEncodeDecode.c:1723:9:BACApp_Decode_Context_Data_Len	56	static
../BACDEL_Stack/Application_Layer/APDU/Encode_Decode/Src/pduDataEncodeDecode.c:1769:9:BACApp_Encode_data	296	static
../BACDEL_Stack/Application_Layer/APDU/Encode_Decode/Src/pduDataEncodeDecode.c:2030:9:BACApp_Verify_Data_Len	48	static
../BACDEL_Stack/Application_Layer/APDU/Encode_Decode/Src/pduDataEncodeDecode.c:2136:9:BACApp_Encode_Data_Type	2792	static
../BACDEL_Stack/Application_Layer/APDU/Encode_Decode/Src/pduDataEncodeDecode.c:5361:9:Decode_Time_Stamp	40	static
../BACDEL_Stack/Application_Layer/APDU/Encode_Decode/Src/pduDataEncodeDecode.c:5458:9:Encode_Time_Stamp	32	static
../BACDEL_Stack/Application_Layer/APDU/Encode_Decode/Src/pduDataEncodeDecode.c:5513:9:Encode_Notification_Parameters	96	static
../BACDEL_Stack/Application_Layer/APDU/Encode_Decode/Src/pduDataEncodeDecode.c:6166:9:BACApp_Decode_Data_Type	1200	static
