../BACDEL_Stack/Application_Layer/APDU/Encode_Decode/Src/pduEncodeDecode.c:66:9:Encode_Max_Segs_Max_Apdu	24	static
../BACDEL_Stack/Application_Layer/APDU/Encode_Decode/Src/pduEncodeDecode.c:119:9:Decode_Max_Segs	24	static
../BACDEL_Stack/Application_Layer/APDU/Encode_Decode/Src/pduEncodeDecode.c:172:9:Decode_Max_Apdu	24	static
../BACDEL_Stack/Application_Layer/APDU/Encode_Decode/Src/pduEncodeDecode.c:224:9:Encode_Tag	32	static
../BACDEL_Stack/Application_Layer/APDU/Encode_Decode/Src/pduEncodeDecode.c:304:9:Encode_Opening_Tag	24	static
../BACDEL_Stack/Application_Layer/APDU/Encode_Decode/Src/pduEncodeDecode.c:343:9:Encode_Closing_Tag	24	static
../BACDEL_Stack/Application_Layer/APDU/Encode_Decode/Src/pduEncodeDecode.c:384:9:Decode_Tag_Number	24	static
../BACDEL_Stack/Application_Layer/APDU/Encode_Decode/Src/pduEncodeDecode.c:428:9:Decode_Tag_Number_Safe	32	static
../BACDEL_Stack/Application_Layer/APDU/Encode_Decode/Src/pduEncodeDecode.c:473:6:Decode_Is_Opening_Tag	16	static
../BACDEL_Stack/Application_Layer/APDU/Encode_Decode/Src/pduEncodeDecode.c:488:6:Decode_Is_Closing_Tag	16	static
../BACDEL_Stack/Application_Layer/APDU/Encode_Decode/Src/pduEncodeDecode.c:505:9:Decode_Tag_Number_And_Value	40	static
../BACDEL_Stack/Application_Layer/APDU/Encode_Decode/Src/pduEncodeDecode.c:582:9:Decode_Tag_Number_And_Value_Safe	40	static
../BACDEL_Stack/Application_Layer/APDU/Encode_Decode/Src/pduEncodeDecode.c:665:6:Decode_Is_Context_Tag	24	static
../BACDEL_Stack/Application_Layer/APDU/Encode_Decode/Src/pduEncodeDecode.c:701:6:Decode_Is_Context_Tag_With_Length	32	static
../BACDEL_Stack/Application_Layer/APDU/Encode_Decode/Src/pduEncodeDecode.c:729:6:Decode_Is_Opening_Tag_Number	24	static
../BACDEL_Stack/Application_Layer/APDU/Encode_Decode/Src/pduEncodeDecode.c:756:6:Decode_Is_Closing_Tag_Number	24	static
../BACDEL_Stack/Application_Layer/APDU/Encode_Decode/Src/pduEncodeDecode.c:778:6:Decode_Context_Tag	32	static
../BACDEL_Stack/Application_Layer/APDU/Encode_Decode/Src/pduEncodeDecode.c:808:9:Encode_Application_Boolean	24	static
../BACDEL_Stack/Application_Layer/APDU/Encode_Decode/Src/pduEncodeDecode.c:840:9:Encode_Context_Boolean	24	static
../BACDEL_Stack/Application_Layer/APDU/Encode_Decode/Src/pduEncodeDecode.c:867:6:Decode_Context_Boolean	24	static
../BACDEL_Stack/Application_Layer/APDU/Encode_Decode/Src/pduEncodeDecode.c:895:10:Decode_Context_Boolean_Value	24	static
../BACDEL_Stack/Application_Layer/APDU/Encode_Decode/Src/pduEncodeDecode.c:926:9:Decode_Context_BOOLEAN	32	static
../BACDEL_Stack/Application_Layer/APDU/Encode_Decode/Src/pduEncodeDecode.c:969:6:Decode_Boolean	24	static
../BACDEL_Stack/Application_Layer/APDU/Encode_Decode/Src/pduEncodeDecode.c:1000:9:Encode_Application_Null	16	static
../BACDEL_Stack/Application_Layer/APDU/Encode_Decode/Src/pduEncodeDecode.c:1017:9:Encode_Context_Null	16	static
../BACDEL_Stack/Application_Layer/APDU/Encode_Decode/Src/pduEncodeDecode.c:1033:9:Decode_Context_BITSTRING	40	static
../BACDEL_Stack/Application_Layer/APDU/Encode_Decode/Src/pduEncodeDecode.c:1075:9:Decode_Context_BITstring	40	static
../BACDEL_Stack/Application_Layer/APDU/Encode_Decode/Src/pduEncodeDecode.c:1117:9:Encode_Bitstring	32	static
../BACDEL_Stack/Application_Layer/APDU/Encode_Decode/Src/pduEncodeDecode.c:1164:9:Encode_Application_BITstring	40	static
../BACDEL_Stack/Application_Layer/APDU/Encode_Decode/Src/pduEncodeDecode.c:1208:9:DT_Encode_OptionalUnsigned	24	static
../BACDEL_Stack/Application_Layer/APDU/Encode_Decode/Src/pduEncodeDecode.c:1271:9:Encode_Application_Bitstring_small	40	static
../BACDEL_Stack/Application_Layer/APDU/Encode_Decode/Src/pduEncodeDecode.c:1313:9:Encode_Context_BITSTRING	48	static
../BACDEL_Stack/Application_Layer/APDU/Encode_Decode/Src/pduEncodeDecode.c:1356:9:Encode_Context_BITString	48	static
../BACDEL_Stack/Application_Layer/APDU/Encode_Decode/Src/pduEncodeDecode.c:1400:9:Encode_Context_Byte	528	static
../BACDEL_Stack/Application_Layer/APDU/Encode_Decode/Src/pduEncodeDecode.c:1451:9:Decode_Object_Id	32	static
../BACDEL_Stack/Application_Layer/APDU/Encode_Decode/Src/pduEncodeDecode.c:1484:9:Decode_Object_Id_Safe	24	static
../BACDEL_Stack/Application_Layer/APDU/Encode_Decode/Src/pduEncodeDecode.c:1519:9:Decode_Context_Object_Id	32	static
../BACDEL_Stack/Application_Layer/APDU/Encode_Decode/Src/pduEncodeDecode.c:1550:9:Encode_Bacnet_Object_Id	40	static
../BACDEL_Stack/Application_Layer/APDU/Encode_Decode/Src/pduEncodeDecode.c:1585:9:Encode_Context_Object_Id	32	static
../BACDEL_Stack/Application_Layer/APDU/Encode_Decode/Src/pduEncodeDecode.c:1615:9:Encode_Application_Object_Id	32	static
../BACDEL_Stack/Application_Layer/APDU/Encode_Decode/Src/pduEncodeDecode.c:1645:9:Encode_Octet_String	32	static
../BACDEL_Stack/Application_Layer/APDU/Encode_Decode/Src/pduEncodeDecode.c:1683:9:Encode_Application_Octet_String	24	static
../BACDEL_Stack/Application_Layer/APDU/Encode_Decode/Src/pduEncodeDecode.c:1726:9:Encode_Context_Octet_String	32	static
../BACDEL_Stack/Application_Layer/APDU/Encode_Decode/Src/pduEncodeDecode.c:1765:9:Decode_OCTET_String	32	static
../BACDEL_Stack/Application_Layer/APDU/Encode_Decode/Src/pduEncodeDecode.c:1806:9:Decode_Context_Octet_String	40	static
../BACDEL_Stack/Application_Layer/APDU/Encode_Decode/Src/pduEncodeDecode.c:1849:9:Encode_Bacnet_Character_String	32	static
../BACDEL_Stack/Application_Layer/APDU/Encode_Decode/Src/pduEncodeDecode.c:1898:9:Encode_Application_Character_String	24	static
../BACDEL_Stack/Application_Layer/APDU/Encode_Decode/Src/pduEncodeDecode.c:1947:9:Encode_Context_Character_String	32	static
../BACDEL_Stack/Application_Layer/APDU/Encode_Decode/Src/pduEncodeDecode.c:1992:9:Decode_Character_String	32	static
../BACDEL_Stack/Application_Layer/APDU/Encode_Decode/Src/pduEncodeDecode.c:2028:9:Decode_Context_Character_String	40	static
../BACDEL_Stack/Application_Layer/APDU/Encode_Decode/Src/pduEncodeDecode.c:2073:9:Decode_Unsigned	32	static
../BACDEL_Stack/Application_Layer/APDU/Encode_Decode/Src/pduEncodeDecode.c:2122:9:Decode_Context_Unsigned	32	static
../BACDEL_Stack/Application_Layer/APDU/Encode_Decode/Src/pduEncodeDecode.c:2157:9:Encode_Bacnet_Unsigned	24	static
../BACDEL_Stack/Application_Layer/APDU/Encode_Decode/Src/pduEncodeDecode.c:2200:9:Encode_Context_Unsigned	32	static
../BACDEL_Stack/Application_Layer/APDU/Encode_Decode/Src/pduEncodeDecode.c:2246:9:Encode_Application_Unsigned	24	static
../BACDEL_Stack/Application_Layer/APDU/Encode_Decode/Src/pduEncodeDecode.c:2275:9:Encode_Application_StampUnsigned	24	static
../BACDEL_Stack/Application_Layer/APDU/Encode_Decode/Src/pduEncodeDecode.c:2306:9:Decode_Enumerated	32	static
../BACDEL_Stack/Application_Layer/APDU/Encode_Decode/Src/pduEncodeDecode.c:2337:9:Decode_Context_Enumerated	40	static
../BACDEL_Stack/Application_Layer/APDU/Encode_Decode/Src/pduEncodeDecode.c:2371:9:Encode_Bacnet_Enumerated	16	static
../BACDEL_Stack/Application_Layer/APDU/Encode_Decode/Src/pduEncodeDecode.c:2388:9:Encode_Application_Enumerated	24	static
../BACDEL_Stack/Application_Layer/APDU/Encode_Decode/Src/pduEncodeDecode.c:2418:9:Encode_Application_Byte	528	static
../BACDEL_Stack/Application_Layer/APDU/Encode_Decode/Src/pduEncodeDecode.c:2470:9:Encode_Context_Enumerated	32	static
../BACDEL_Stack/Application_Layer/APDU/Encode_Decode/Src/pduEncodeDecode.c:2515:9:Decode_Signed	24	static
../BACDEL_Stack/Application_Layer/APDU/Encode_Decode/Src/pduEncodeDecode.c:2560:9:Decode_Context_Signed	32	static
../BACDEL_Stack/Application_Layer/APDU/Encode_Decode/Src/pduEncodeDecode.c:2595:9:Encode_Bacnet_Signed	24	static
../BACDEL_Stack/Application_Layer/APDU/Encode_Decode/Src/pduEncodeDecode.c:2641:9:Encode_Application_Signed	24	static
../BACDEL_Stack/Application_Layer/APDU/Encode_Decode/Src/pduEncodeDecode.c:2671:9:Encode_Context_Signed	32	static
../BACDEL_Stack/Application_Layer/APDU/Encode_Decode/Src/pduEncodeDecode.c:2709:9:Encode_Application_Real	24	static
../BACDEL_Stack/Application_Layer/APDU/Encode_Decode/Src/pduEncodeDecode.c:2740:9:Encode_Context_Real	32	static
../BACDEL_Stack/Application_Layer/APDU/Encode_Decode/Src/pduEncodeDecode.c:2768:9:Encode_Application_Double	32	static
../BACDEL_Stack/Application_Layer/APDU/Encode_Decode/Src/pduEncodeDecode.c:2800:9:Encode_Context_Double	32	static
../BACDEL_Stack/Application_Layer/APDU/Encode_Decode/Src/pduEncodeDecode.c:2827:9:Encode_Bacnet_Time	16	static
../BACDEL_Stack/Application_Layer/APDU/Encode_Decode/Src/pduEncodeDecode.c:2854:9:Encode_Application_Time	24	static
../BACDEL_Stack/Application_Layer/APDU/Encode_Decode/Src/pduEncodeDecode.c:2884:9:Encode_Application_StampTime	24	static
../BACDEL_Stack/Application_Layer/APDU/Encode_Decode/Src/pduEncodeDecode.c:2917:9:Encode_Application_StampDateTime	32	static
../BACDEL_Stack/Application_Layer/APDU/Encode_Decode/Src/pduEncodeDecode.c:2964:9:Encode_Context_Time	32	static
../BACDEL_Stack/Application_Layer/APDU/Encode_Decode/Src/pduEncodeDecode.c:2992:9:Decode_Time	16	static
../BACDEL_Stack/Application_Layer/APDU/Encode_Decode/Src/pduEncodeDecode.c:3020:9:Decode_Time_Safe	24	static
../BACDEL_Stack/Application_Layer/APDU/Encode_Decode/Src/pduEncodeDecode.c:3060:9:Decode_Application_Time	24	static
../BACDEL_Stack/Application_Layer/APDU/Encode_Decode/Src/pduEncodeDecode.c:3098:9:Decode_Context_Bacnet_Time	32	static
../BACDEL_Stack/Application_Layer/APDU/Encode_Decode/Src/pduEncodeDecode.c:3135:9:Encode_Bacnet_Date	16	static
../BACDEL_Stack/Application_Layer/APDU/Encode_Decode/Src/pduEncodeDecode.c:3176:9:Encode_Application_Date	24	static
../BACDEL_Stack/Application_Layer/APDU/Encode_Decode/Src/pduEncodeDecode.c:3208:9:Encode_Context_Date	32	static
../BACDEL_Stack/Application_Layer/APDU/Encode_Decode/Src/pduEncodeDecode.c:3236:9:Decode_Date	16	static
../BACDEL_Stack/Application_Layer/APDU/Encode_Decode/Src/pduEncodeDecode.c:3265:9:Decode_Date_Safe	24	static
../BACDEL_Stack/Application_Layer/APDU/Encode_Decode/Src/pduEncodeDecode.c:3304:9:Decode_Application_Date	24	static
../BACDEL_Stack/Application_Layer/APDU/Encode_Decode/Src/pduEncodeDecode.c:3338:9:Decode_Context_Date	32	static
../BACDEL_Stack/Application_Layer/APDU/Encode_Decode/Src/pduEncodeDecode.c:3372:9:Encode_Simple_Ack	16	static
../BACDEL_Stack/Application_Layer/APDU/Encode_Decode/Src/pduEncodeDecode.c:3397:9:Decode_BitString_Small	32	static
../BACDEL_Stack/Application_Layer/APDU/Encode_Decode/Src/pduEncodeDecode.c:3427:9:Decode_BITstring	32	static
