../BACDEL_Stack/Application_Layer/APDU/Data_Types/Src/pduDateTime.c:113:20:AutoResponse_TimeSync	56	static
../BACDEL_Stack/Application_Layer/APDU/Data_Types/Src/pduDateTime.c:187:20:AutoResponse_UTC_TimeSync	56	static
../BACDEL_Stack/Application_Layer/APDU/Data_Types/Src/pduDateTime.c:245:7:GetSystem_DateTime	40	static
../BACDEL_Stack/Application_Layer/APDU/Data_Types/Src/pduDateTime.c:277:6:Convert_SystemTimeToBACnet	16	static
../BACDEL_Stack/Application_Layer/APDU/Data_Types/Src/pduDateTime.c:303:6:Convert_BACnetTimeToSystem	16	static
../BACDEL_Stack/Application_Layer/APDU/Data_Types/Src/pduDateTime.c:326:13:Is_Leap_Year	16	static
../BACDEL_Stack/Application_Layer/APDU/Data_Types/Src/pduDateTime.c:349:9:Month_Days	80	static
../BACDEL_Stack/Application_Layer/APDU/Data_Types/Src/pduDateTime.c:370:17:Days_Since_Epoch	24	static
../BACDEL_Stack/Application_Layer/APDU/Data_Types/Src/pduDateTime.c:403:13:Days_Since_Epoch_Into_YMD	32	static
../BACDEL_Stack/Application_Layer/APDU/Data_Types/Src/pduDateTime.c:457:9:Day_Of_Week	16	static
../BACDEL_Stack/Application_Layer/APDU/Data_Types/Src/pduDateTime.c:480:9:DateTime_Compare_Date	24	static
../BACDEL_Stack/Application_Layer/APDU/Data_Types/Src/pduDateTime.c:519:9:DateTime_Compare_Time	24	static
../BACDEL_Stack/Application_Layer/APDU/Data_Types/Src/pduDateTime.c:562:9:DateTime_Compare	24	static
../BACDEL_Stack/Application_Layer/APDU/Data_Types/Src/pduDateTime.c:592:9:DateTime_Compare_DateTime	32	static
../BACDEL_Stack/Application_Layer/APDU/Data_Types/Src/pduDateTime.c:627:6:DateTime_Copy_Date	16	static
../BACDEL_Stack/Application_Layer/APDU/Data_Types/Src/pduDateTime.c:653:6:DateTime_Copy_Time	16	static
../BACDEL_Stack/Application_Layer/APDU/Data_Types/Src/pduDateTime.c:678:6:DateTime_Copy	16	static
../BACDEL_Stack/Application_Layer/APDU/Data_Types/Src/pduDateTime.c:702:6:DateTime_Set_Date	16	static
../BACDEL_Stack/Application_Layer/APDU/Data_Types/Src/pduDateTime.c:719:6:DateTime_Set_Time	16	static
../BACDEL_Stack/Application_Layer/APDU/Data_Types/Src/pduDateTime.c:736:6:DateTime_Set	24	static
../BACDEL_Stack/Application_Layer/APDU/Data_Types/Src/pduDateTime.c:757:6:DateTime_Set_Values	16	static
../BACDEL_Stack/Application_Layer/APDU/Data_Types/Src/pduDateTime.c:778:17:Seconds_Since_Midnight	16	static
../BACDEL_Stack/Application_Layer/APDU/Data_Types/Src/pduDateTime.c:789:13:Seconds_Since_Midnight_Into_HMS	32	static
../BACDEL_Stack/Application_Layer/APDU/Data_Types/Src/pduDateTime.c:817:6:DateTime_Add_Minutes	32	static
../BACDEL_Stack/Application_Layer/APDU/Data_Types/Src/pduDateTime.c:854:6:DateTime_WildCard	24	static
../BACDEL_Stack/Application_Layer/APDU/Data_Types/Src/pduDateTime.c:879:6:DateTime_Wildcard_Present	24	static
../BACDEL_Stack/Application_Layer/APDU/Data_Types/Src/pduDateTime.c:903:6:DateTime_Date_Wildcard_Set	16	static
../BACDEL_Stack/Application_Layer/APDU/Data_Types/Src/pduDateTime.c:919:6:DateTime_Time_Wildcard_Set	16	static
../BACDEL_Stack/Application_Layer/APDU/Data_Types/Src/pduDateTime.c:935:6:DateTime_Wildcard_Set	16	static
../BACDEL_Stack/Application_Layer/APDU/Data_Types/Src/pduDateTime.c:949:9:BACAppEncode_DateTime	24	static
../BACDEL_Stack/Application_Layer/APDU/Data_Types/Src/pduDateTime.c:971:9:BACAppEncode_Context_DateTime	32	static
../BACDEL_Stack/Application_Layer/APDU/Data_Types/Src/pduDateTime.c:995:9:BACAppDecode_DateTime	24	static
../BACDEL_Stack/Application_Layer/APDU/Data_Types/Src/pduDateTime.c:1023:9:BACAppDecode_Context_DateTime	32	static
../BACDEL_Stack/Application_Layer/APDU/Data_Types/Src/pduDateTime.c:1066:6:DateTime_Subtract_UTC_Offset	40	static
../BACDEL_Stack/Application_Layer/APDU/Data_Types/Src/pduDateTime.c:1142:6:TimeSync_Get_DateTime_Diff	56	static
../BACDEL_Stack/Application_Layer/APDU/Data_Types/Src/pduDateTime.c:1205:6:Validate_Date	24	static
../BACDEL_Stack/Application_Layer/APDU/Data_Types/Src/pduDateTime.c:1260:6:Validate_Time	16	static
../BACDEL_Stack/Application_Layer/APDU/Data_Types/Src/pduDateTime.c:1310:6:Validate_DateTime	24	static
../BACDEL_Stack/Application_Layer/APDU/Data_Types/Src/pduDateTime.c:1345:6:GetDevice_DateTime	72	static
../BACDEL_Stack/Application_Layer/APDU/Data_Types/Src/pduDateTime.c:1457:6:DateTime_Add_Days	24	static
../BACDEL_Stack/Application_Layer/APDU/Data_Types/Src/pduDateTime.c:1484:6:Is_Any_Date	24	static
../BACDEL_Stack/Application_Layer/APDU/Data_Types/Src/pduDateTime.c:1533:6:Is_Any_Time	24	static
../BACDEL_Stack/Application_Layer/APDU/Data_Types/Src/pduDateTime.c:1584:6:Is_Any_DateTime	24	static
../BACDEL_Stack/Application_Layer/APDU/Data_Types/Src/pduDateTime.c:1627:10:Convert_DateTime_InToSecond	32	static
../BACDEL_Stack/Application_Layer/APDU/Data_Types/Src/pduDateTime.c:1651:6:IsValidCurrentDate	32	static
