../BACDEL_Stack/Application_Layer/Segmentation/Src/SegmentationGenericHandler.c:102:16:Encode_Segment	40	static
../BACDEL_Stack/Application_Layer/Segmentation/Src/SegmentationGenericHandler.c:211:20:APDU_Packet_Encode_Handler	528	static
../BACDEL_Stack/Application_Layer/Segmentation/Src/SegmentationGenericHandler.c:379:20:Create_APDU_Packets	72	static
../BACDEL_Stack/Application_Layer/Segmentation/Src/SegmentationGenericHandler.c:670:6:Data_Exchange_A_Side_For_Segmentation	32	static
../BACDEL_Stack/Application_Layer/Segmentation/Src/SegmentationGenericHandler.c:866:6:Clear_Segmentation_Data_State	16	static
../BACDEL_Stack/Application_Layer/Segmentation/Src/SegmentationGenericHandler.c:937:6:Clear_Segmentation_Data	32	static
../BACDEL_Stack/Application_Layer/Segmentation/Src/SegmentationGenericHandler.c:1175:27:Create_LinkList_For_Segmentation	24	static
../BACDEL_Stack/Application_Layer/Segmentation/Src/SegmentationGenericHandler.c:1294:20:Create_Segmentation_Node	40	static
../BACDEL_Stack/Application_Layer/Segmentation/Src/SegmentationGenericHandler.c:1425:27:Validate_Segment	24	static
../BACDEL_Stack/Application_Layer/Segmentation/Src/SegmentationGenericHandler.c:1525:13:Update_ProcessQ_To_Send_SegACK	16	static
../BACDEL_Stack/Application_Layer/Segmentation/Src/SegmentationGenericHandler.c:1592:20:APDU_Packet_Decode_Handler	56	static
../BACDEL_Stack/Application_Layer/Segmentation/Src/SegmentationGenericHandler.c:1906:13:Combine_Data_and_Fill_Process_Queue	48	static
../BACDEL_Stack/Application_Layer/Segmentation/Src/SegmentationGenericHandler.c:2025:6:Update_InitiateQ_State	24	static
../BACDEL_Stack/Application_Layer/Segmentation/Src/SegmentationGenericHandler.c:2086:6:Segmentation_Thread_Task	48	static
