../BACDEL_Stack/Data_Link_Layer/MSTP/Src/datalinkMSTP.c:83:6:MSTP_SetMacId	16	static
../BACDEL_Stack/Data_Link_Layer/MSTP/Src/datalinkMSTP.c:98:9:MSTP_GetMacId	24	static
../BACDEL_Stack/Data_Link_Layer/MSTP/Src/datalinkMSTP.c:128:9:MSTP_GetBroadcastMacId	24	static
../BACDEL_Stack/Data_Link_Layer/MSTP/Src/datalinkMSTP.c:176:6:MSTP_SetBaudRate	16	static
../BACDEL_Stack/Data_Link_Layer/MSTP/Src/datalinkMSTP.c:191:10:MSTP_GetBaudRate	16	static
../BACDEL_Stack/Data_Link_Layer/MSTP/Src/datalinkMSTP.c:213:6:MSTP_SetOneBitTime	16	static
../BACDEL_Stack/Data_Link_Layer/MSTP/Src/datalinkMSTP.c:229:9:MSTP_GetOneBitTime	16	static
../BACDEL_Stack/Data_Link_Layer/MSTP/Src/datalinkMSTP.c:250:6:MSTP_IsValidMasterMacId	24	static
../BACDEL_Stack/Data_Link_Layer/MSTP/Src/datalinkMSTP.c:275:6:MSTP_IsValidSlaveMacId	24	static
../BACDEL_Stack/Data_Link_Layer/MSTP/Src/datalinkMSTP.c:300:6:MSTP_IsValidBaudRate	24	static
../BACDEL_Stack/Data_Link_Layer/MSTP/Src/datalinkMSTP.c:327:6:MSTP_CleanUp	4	static
../BACDEL_Stack/Data_Link_Layer/MSTP/Src/datalinkMSTP.c:346:6:MSTP_StateMachine_Timer_Task	8	static
../BACDEL_Stack/Data_Link_Layer/MSTP/Src/datalinkMSTP.c:412:6:MSTP_Counters_Timer_Task	8	static
../BACDEL_Stack/Data_Link_Layer/MSTP/Src/datalinkMSTP.c:472:6:MSTP_Recieve_Thread_Task	8	static
../BACDEL_Stack/Data_Link_Layer/MSTP/Src/datalinkMSTP.c:530:20:BACDEL_MSTP_Stack_Init	32	static
