../BACDEL_Stack/Application_Layer/Services/EventReporting/Src/serviceEventReportingIntrinsic.c:57:20:Allocate_Memory_For_Node	16	static
../BACDEL_Stack/Application_Layer/Services/EventReporting/Src/serviceEventReportingIntrinsic.c:76:13:Add_New_Node_To_Link_List	24	static
../BACDEL_Stack/Application_Layer/Services/EventReporting/Src/serviceEventReportingIntrinsic.c:120:13:Replace_Node_From_Link_List	16	static
../BACDEL_Stack/Application_Layer/Services/EventReporting/Src/serviceEventReportingIntrinsic.c:137:20:Create_EventState_LinkList	128	static
../BACDEL_Stack/Application_Layer/Services/EventReporting/Src/serviceEventReportingIntrinsic.c:278:13:Delete_FirstNode	16	static
../BACDEL_Stack/Application_Layer/Services/EventReporting/Src/serviceEventReportingIntrinsic.c:287:13:Delete_LastNode	8	static
../BACDEL_Stack/Application_Layer/Services/EventReporting/Src/serviceEventReportingIntrinsic.c:295:13:Delete_MiddleNode	16	static
../BACDEL_Stack/Application_Layer/Services/EventReporting/Src/serviceEventReportingIntrinsic.c:305:13:Delete_The_Only_Node_In_LinkList	8	static
../BACDEL_Stack/Application_Layer/Services/EventReporting/Src/serviceEventReportingIntrinsic.c:314:13:Check_And_Delete_This_Node	16	static
../BACDEL_Stack/Application_Layer/Services/EventReporting/Src/serviceEventReportingIntrinsic.c:350:16:IntrinsicReportingTimer	128	static
../BACDEL_Stack/Application_Layer/Services/EventReporting/Src/serviceEventReportingIntrinsic.c:646:15:Check_AFvalues_List	32	static
../BACDEL_Stack/Application_Layer/Services/EventReporting/Src/serviceEventReportingIntrinsic.c:732:20:UpdateEventState	128	static
../BACDEL_Stack/Application_Layer/Services/EventReporting/Src/serviceEventReportingIntrinsic.c:1291:6:Is_Reference_Prop_PV	24	static
../BACDEL_Stack/Application_Layer/Services/EventReporting/Src/serviceEventReportingIntrinsic.c:1334:6:Get_Reference_Prop_Value	40	static
../BACDEL_Stack/Application_Layer/Services/EventReporting/Src/serviceEventReportingIntrinsic.c:1398:20:UpdateEventState_On_Reliablity	136	static
../BACDEL_Stack/Application_Layer/Services/EventReporting/Src/serviceEventReportingIntrinsic.c:1811:6:Check_For_Intrinsic_Notification	160	static
../BACDEL_Stack/Application_Layer/Services/EventReporting/Src/serviceEventReportingIntrinsic.c:1865:6:Clear_Intrinsic_Notifications	32	static
